#
# There is insufficient memory for the Java Runtime Environment to continue.
# Native memory allocation (mmap) failed to map 14680064 bytes. Error detail: G1 virtual space
# Possible reasons:
#   The system is out of physical RAM or swap space
#   This process is running with CompressedOops enabled, and the Java Heap may be blocking the growth of the native heap
# Possible solutions:
#   Reduce memory load on the system
#   Increase physical memory or swap space
#   Check if swap backing store is full
#   Decrease Java heap size (-Xmx/-Xms)
#   Decrease number of Java threads
#   Decrease Java thread stack sizes (-Xss)
#   Set larger code cache with -XX:ReservedCodeCacheSize=
#   JVM is running with Unscaled Compressed Oops mode in which the Java heap is
#     placed in the first 4GB address space. The Java Heap base address is the
#     maximum limit for the native heap growth. Please use -XX:HeapBaseMinAddress
#     to set the Java Heap base and to place the Java Heap above 4GB virtual address.
# This output file may be truncated or incomplete.
#
#  Out of Memory Error (os_windows.cpp:3925), pid=4340, tid=15968
#
# JRE version: OpenJDK Runtime Environment (21.0.8) (build 21.0.8+-14196175-b1038.72)
# Java VM: OpenJDK 64-Bit Server VM (21.0.8+-14196175-b1038.72, mixed mode, tiered, compressed oops, compressed class ptrs, g1 gc, windows-amd64)
# No core dump will be written. Minidumps are not enabled by default on client versions of Windows
#

---------------  S U M M A R Y ------------

Command Line: --add-opens=java.base/java.lang=ALL-UNNAMED --add-opens=java.base/java.lang.invoke=ALL-UNNAMED --add-opens=java.base/java.util=ALL-UNNAMED --add-opens=java.prefs/java.util.prefs=ALL-UNNAMED --add-exports=jdk.compiler/com.sun.tools.javac.api=ALL-UNNAMED --add-exports=jdk.compiler/com.sun.tools.javac.util=ALL-UNNAMED --add-opens=java.base/java.util=ALL-UNNAMED --add-opens=java.prefs/java.util.prefs=ALL-UNNAMED --add-opens=java.base/java.nio.charset=ALL-UNNAMED --add-opens=java.base/java.net=ALL-UNNAMED --add-opens=java.base/java.util.concurrent.atomic=ALL-UNNAMED --add-opens=java.xml/javax.xml.namespace=ALL-UNNAMED -Xmx2048m -Dfile.encoding=UTF-8 -Duser.country=US -Duser.language=en -Duser.variant -javaagent:C:\Users\Admin\.gradle\wrapper\dists\gradle-8.13-bin\5xuhj0ry160q40clulazy9h7d\gradle-8.13\lib\agents\gradle-instrumentation-agent-8.13.jar org.gradle.launcher.daemon.bootstrap.GradleDaemon 8.13

Host: Intel(R) Core(TM) i7-8650U CPU @ 1.90GHz, 8 cores, 7G,  Windows 10 , 64 bit Build 19041 (10.0.19041.3636)
Time: Sun Apr 26 21:31:37 2026 SE Asia Standard Time elapsed time: 10.912875 seconds (0d 0h 0m 10s)

---------------  T H R E A D  ---------------

Current thread (0x0000023829a5db30):  VMThread "VM Thread"          [id=15968, stack(0x000000dbba400000,0x000000dbba500000) (1024K)]

Stack: [0x000000dbba400000,0x000000dbba500000]
Native frames: (J=compiled Java code, j=interpreted, Vv=VM code, C=native code)
V  [jvm.dll+0x6d68d9]
V  [jvm.dll+0x866693]
V  [jvm.dll+0x868c4e]
V  [jvm.dll+0x869333]
V  [jvm.dll+0x280566]
V  [jvm.dll+0x6d3195]
V  [jvm.dll+0x6c69ea]
V  [jvm.dll+0x3586db]
V  [jvm.dll+0x360336]
V  [jvm.dll+0x3b23f6]
V  [jvm.dll+0x3b26c8]
V  [jvm.dll+0x32ae6c]
V  [jvm.dll+0x32aef7]
V  [jvm.dll+0x370d3c]
V  [jvm.dll+0x36f4ee]
V  [jvm.dll+0x32a5c1]
V  [jvm.dll+0x36ef1b]
V  [jvm.dll+0x86f0b8]
V  [jvm.dll+0x870434]
V  [jvm.dll+0x870970]
V  [jvm.dll+0x870c03]
V  [jvm.dll+0x80eac8]
V  [jvm.dll+0x6d512d]
C  [ucrtbase.dll+0x21bb2]
C  [KERNEL32.DLL+0x17344]
C  [ntdll.dll+0x526b1]

VM_Operation (0x000000dbbbbf8550): G1TryInitiateConcMark, mode: safepoint, requested by thread 0x000002382f04f210


---------------  P R O C E S S  ---------------

Threads class SMR info:
_java_thread_list=0x00000238305a0660, length=32, elements={
0x0000023812339eb0, 0x0000023829bdcb60, 0x0000023829be2db0, 0x0000023829bf48a0,
0x0000023829bfda90, 0x0000023829bfe4f0, 0x0000023829c08db0, 0x0000023829c0bbd0,
0x0000023829c13f00, 0x0000023829c16d60, 0x0000023829eef7f0, 0x000002382f04eb80,
0x000002382f04f8a0, 0x000002382f04cab0, 0x000002382f04d140, 0x000002382f04de60,
0x000002382f04d7d0, 0x000002382f04f210, 0x000002382f04e4f0, 0x000002382f86af90,
0x000002382f86bcb0, 0x000002382f869be0, 0x000002382f8660d0, 0x000002382f86a270,
0x000002382f86d6f0, 0x000002382f867b10, 0x000002382f86a900, 0x000002382f86b620,
0x000002382f866760, 0x000002382f86c340, 0x000002382f86c9d0, 0x000002382f866df0
}

Java Threads: ( => current thread )
  0x0000023812339eb0 JavaThread "main"                              [_thread_blocked, id=3948, stack(0x000000dbb9d00000,0x000000dbb9e00000) (1024K)]
  0x0000023829bdcb60 JavaThread "Common-Cleaner"             daemon [_thread_blocked, id=1736, stack(0x000000dbba500000,0x000000dbba600000) (1024K)]
  0x0000023829be2db0 JavaThread "Reference Handler"          daemon [_thread_blocked, id=17468, stack(0x000000dbba600000,0x000000dbba700000) (1024K)]
  0x0000023829bf48a0 JavaThread "Finalizer"                  daemon [_thread_blocked, id=18180, stack(0x000000dbba700000,0x000000dbba800000) (1024K)]
  0x0000023829bfda90 JavaThread "Signal Dispatcher"          daemon [_thread_blocked, id=2960, stack(0x000000dbba800000,0x000000dbba900000) (1024K)]
  0x0000023829bfe4f0 JavaThread "Attach Listener"            daemon [_thread_blocked, id=9384, stack(0x000000dbba900000,0x000000dbbaa00000) (1024K)]
  0x0000023829c08db0 JavaThread "Service Thread"             daemon [_thread_blocked, id=17828, stack(0x000000dbbaa00000,0x000000dbbab00000) (1024K)]
  0x0000023829c0bbd0 JavaThread "Monitor Deflation Thread"   daemon [_thread_blocked, id=5144, stack(0x000000dbbab00000,0x000000dbbac00000) (1024K)]
  0x0000023829c13f00 JavaThread "C2 CompilerThread0"         daemon [_thread_in_native, id=3140, stack(0x000000dbbac00000,0x000000dbbad00000) (1024K)]
  0x0000023829c16d60 JavaThread "C1 CompilerThread0"         daemon [_thread_blocked, id=1292, stack(0x000000dbbad00000,0x000000dbbae00000) (1024K)]
  0x0000023829eef7f0 JavaThread "Notification Thread"        daemon [_thread_blocked, id=18168, stack(0x000000dbbae00000,0x000000dbbaf00000) (1024K)]
  0x000002382f04eb80 JavaThread "Daemon health stats"               [_thread_blocked, id=5372, stack(0x000000dbbb500000,0x000000dbbb600000) (1024K)]
  0x000002382f04f8a0 JavaThread "Incoming local TCP Connector on port 51639"        [_thread_in_native, id=17316, stack(0x000000dbbb600000,0x000000dbbb700000) (1024K)]
  0x000002382f04cab0 JavaThread "Daemon periodic checks"            [_thread_blocked, id=10016, stack(0x000000dbbb700000,0x000000dbbb800000) (1024K)]
  0x000002382f04d140 JavaThread "Daemon"                            [_thread_blocked, id=17244, stack(0x000000dbbb800000,0x000000dbbb900000) (1024K)]
  0x000002382f04de60 JavaThread "Handler for socket connection from /127.0.0.1:51639 to /127.0.0.1:51640"        [_thread_in_native, id=10320, stack(0x000000dbbb900000,0x000000dbbba00000) (1024K)]
  0x000002382f04d7d0 JavaThread "Cancel handler"                    [_thread_blocked, id=9344, stack(0x000000dbbba00000,0x000000dbbbb00000) (1024K)]
  0x000002382f04f210 JavaThread "Daemon worker"                     [_thread_blocked, id=15636, stack(0x000000dbbbb00000,0x000000dbbbc00000) (1024K)]
  0x000002382f04e4f0 JavaThread "Asynchronous log dispatcher for DefaultDaemonConnection: socket connection from /127.0.0.1:51639 to /127.0.0.1:51640"        [_thread_blocked, id=15880, stack(0x000000dbbbc00000,0x000000dbbbd00000) (1024K)]
  0x000002382f86af90 JavaThread "Stdin handler"                     [_thread_blocked, id=16956, stack(0x000000dbbbd00000,0x000000dbbbe00000) (1024K)]
  0x000002382f86bcb0 JavaThread "Daemon client event forwarder"        [_thread_blocked, id=10556, stack(0x000000dbbbe00000,0x000000dbbbf00000) (1024K)]
  0x000002382f869be0 JavaThread "Cache worker for journal cache (C:\Users\Admin\.gradle\caches\journal-1)"        [_thread_blocked, id=18204, stack(0x000000dbbc100000,0x000000dbbc200000) (1024K)]
  0x000002382f8660d0 JavaThread "File lock request listener"        [_thread_in_native, id=4272, stack(0x000000dbbc200000,0x000000dbbc300000) (1024K)]
  0x000002382f86a270 JavaThread "Cache worker for file hash cache (C:\Users\Admin\.gradle\caches\8.13\fileHashes)"        [_thread_blocked, id=17872, stack(0x000000dbbc300000,0x000000dbbc400000) (1024K)]
  0x000002382f86d6f0 JavaThread "Cache worker for file hash cache (D:\BtapNhomAndroid\CineStonksTun\.gradle\8.13\fileHashes)"        [_thread_blocked, id=9076, stack(0x000000dbbc400000,0x000000dbbc500000) (1024K)]
  0x000002382f867b10 JavaThread "Cache worker for Build Output Cleanup Cache (D:\BtapNhomAndroid\CineStonksTun\.gradle\buildOutputCleanup)"        [_thread_blocked, id=12248, stack(0x000000dbbc500000,0x000000dbbc600000) (1024K)]
  0x000002382f86a900 JavaThread "File watcher server"        daemon [_thread_in_native, id=2004, stack(0x000000dbbc600000,0x000000dbbc700000) (1024K)]
  0x000002382f86b620 JavaThread "File watcher consumer"      daemon [_thread_blocked, id=10108, stack(0x000000dbbc700000,0x000000dbbc800000) (1024K)]
  0x000002382f866760 JavaThread "jar transforms"                    [_thread_blocked, id=2264, stack(0x000000dbbc800000,0x000000dbbc900000) (1024K)]
  0x000002382f86c340 JavaThread "jar transforms Thread 2"           [_thread_blocked, id=15080, stack(0x000000dbbc900000,0x000000dbbca00000) (1024K)]
  0x000002382f86c9d0 JavaThread "Cache worker for checksums cache (D:\BtapNhomAndroid\CineStonksTun\.gradle\8.13\checksums)"        [_thread_blocked, id=8032, stack(0x000000dbbca00000,0x000000dbbcb00000) (1024K)]
  0x000002382f866df0 JavaThread "Cache worker for file content cache (C:\Users\Admin\.gradle\caches\8.13\fileContent)"        [_thread_blocked, id=916, stack(0x000000dbbcb00000,0x000000dbbcc00000) (1024K)]
Total: 32

Other Threads:
=>0x0000023829a5db30 VMThread "VM Thread"                           [id=15968, stack(0x000000dbba400000,0x000000dbba500000) (1024K)]
  0x00000238299ca130 WatcherThread "VM Periodic Task Thread"        [id=9372, stack(0x000000dbba300000,0x000000dbba400000) (1024K)]
  0x0000023812391d90 WorkerThread "GC Thread#0"                     [id=10336, stack(0x000000dbb9e00000,0x000000dbb9f00000) (1024K)]
  0x000002382e1112a0 WorkerThread "GC Thread#1"                     [id=8652, stack(0x000000dbbaf00000,0x000000dbbb000000) (1024K)]
  0x000002382e114680 WorkerThread "GC Thread#2"                     [id=15920, stack(0x000000dbbb000000,0x000000dbbb100000) (1024K)]
  0x000002382e206ad0 WorkerThread "GC Thread#3"                     [id=712, stack(0x000000dbbb100000,0x000000dbbb200000) (1024K)]
  0x000002382ea6e760 WorkerThread "GC Thread#4"                     [id=17628, stack(0x000000dbbb200000,0x000000dbbb300000) (1024K)]
  0x000002382f7ce3a0 WorkerThread "GC Thread#5"                     [id=2992, stack(0x000000dbbb300000,0x000000dbbb400000) (1024K)]
  0x000002382f978870 WorkerThread "GC Thread#6"                     [id=16380, stack(0x000000dbbb400000,0x000000dbbb500000) (1024K)]
  0x000002382f4d5090 WorkerThread "GC Thread#7"                     [id=1284, stack(0x000000dbbbf00000,0x000000dbbc000000) (1024K)]
  0x00000238123a2c80 ConcurrentGCThread "G1 Main Marker"            [id=3856, stack(0x000000dbb9f00000,0x000000dbba000000) (1024K)]
  0x00000238123a46a0 WorkerThread "G1 Conc#0"                       [id=2448, stack(0x000000dbba000000,0x000000dbba100000) (1024K)]
  0x000002382f4d5430 WorkerThread "G1 Conc#1"                       [id=14784, stack(0x000000dbbc000000,0x000000dbbc100000) (1024K)]
  0x000002381240e6e0 ConcurrentGCThread "G1 Refine#0"               [id=17324, stack(0x000000dbba100000,0x000000dbba200000) (1024K)]
  0x00000238298913a0 ConcurrentGCThread "G1 Service"                [id=7020, stack(0x000000dbba200000,0x000000dbba300000) (1024K)]
Total: 15

Threads with active compile tasks:
C2 CompilerThread0  10975 4008       4       jdk.internal.jimage.ImageLocation::getFullName (109 bytes)
Total: 1

VM state: at safepoint (normal execution)

VM Mutex/Monitor currently owned by a thread:  ([mutex/lock_event])
[0x00007ffaae9185b8] Threads_lock - owner thread: 0x0000023829a5db30
[0x00007ffaae9186b8] Heap_lock - owner thread: 0x000002382f04f210

Heap address: 0x0000000080000000, size: 2048 MB, Compressed Oops mode: 32-bit

CDS archive(s) not mapped
Compressed class space mapped at: 0x0000000100000000-0x0000000140000000, reserved size: 1073741824
Narrow klass base: 0x0000000000000000, Narrow klass shift: 3, Narrow klass range: 0x140000000

GC Precious Log:
 CardTable entry size: 512
 Card Set container configuration: InlinePtr #cards 5 size 8 Array Of Cards #cards 12 size 40 Howl #buckets 4 coarsen threshold 1843 Howl Bitmap #cards 512 size 80 coarsen threshold 460 Card regions per heap region 1 cards per card region 2048
 CPUs: 8 total, 8 available
 Memory: 8070M
 Large Page Support: Disabled
 NUMA Support: Disabled
 Compressed Oops: Enabled (32-bit)
 Heap Region Size: 1M
 Heap Min Capacity: 8M
 Heap Initial Capacity: 128M
 Heap Max Capacity: 2G
 Pre-touch: Disabled
 Parallel Workers: 8
 Concurrent Workers: 2
 Concurrent Refinement Workers: 8
 Periodic GC: Disabled

Heap:
 garbage-first heap   total 68608K, used 33789K [0x0000000080000000, 0x0000000100000000)
  region size 1024K, 2 young (2048K), 2 survivors (2048K)
 Metaspace       used 45031K, committed 45952K, reserved 1114112K
  class space    used 6167K, committed 6592K, reserved 1048576K

Heap Regions: E=young(eden), S=young(survivor), O=old, HS=humongous(starts), HC=humongous(continues), CS=collection set, F=free, TAMS=top-at-mark-start, PB=parsable bottom
|   0|0x0000000080000000, 0x0000000080100000, 0x0000000080100000|100%|HS|  |TAMS 0x0000000080100000| PB 0x0000000080000000| Complete 
|   1|0x0000000080100000, 0x0000000080200000, 0x0000000080200000|100%|HC|  |TAMS 0x0000000080200000| PB 0x0000000080100000| Complete 
|   2|0x0000000080200000, 0x0000000080300000, 0x0000000080300000|100%|HC|  |TAMS 0x0000000080300000| PB 0x0000000080200000| Complete 
|   3|0x0000000080300000, 0x0000000080400000, 0x0000000080400000|100%| O|  |TAMS 0x0000000080400000| PB 0x0000000080300000| Untracked 
|   4|0x0000000080400000, 0x0000000080500000, 0x0000000080500000|100%| O|  |TAMS 0x0000000080500000| PB 0x0000000080400000| Untracked 
|   5|0x0000000080500000, 0x0000000080600000, 0x0000000080600000|100%| O|  |TAMS 0x0000000080600000| PB 0x0000000080500000| Untracked 
|   6|0x0000000080600000, 0x0000000080700000, 0x0000000080700000|100%|HS|  |TAMS 0x0000000080700000| PB 0x0000000080600000| Complete 
|   7|0x0000000080700000, 0x0000000080800000, 0x0000000080800000|100%| O|  |TAMS 0x0000000080800000| PB 0x0000000080700000| Untracked 
|   8|0x0000000080800000, 0x0000000080900000, 0x0000000080900000|100%| O|  |TAMS 0x0000000080900000| PB 0x0000000080800000| Untracked 
|   9|0x0000000080900000, 0x0000000080a00000, 0x0000000080a00000|100%| O|  |TAMS 0x0000000080a00000| PB 0x0000000080900000| Untracked 
|  10|0x0000000080a00000, 0x0000000080b00000, 0x0000000080b00000|100%| O|  |TAMS 0x0000000080b00000| PB 0x0000000080a00000| Untracked 
|  11|0x0000000080b00000, 0x0000000080c00000, 0x0000000080c00000|100%| O|  |TAMS 0x0000000080c00000| PB 0x0000000080b00000| Untracked 
|  12|0x0000000080c00000, 0x0000000080d00000, 0x0000000080d00000|100%| O|  |TAMS 0x0000000080d00000| PB 0x0000000080c00000| Untracked 
|  13|0x0000000080d00000, 0x0000000080e00000, 0x0000000080e00000|100%| O|  |TAMS 0x0000000080e00000| PB 0x0000000080d00000| Untracked 
|  14|0x0000000080e00000, 0x0000000080f00000, 0x0000000080f00000|100%| O|  |TAMS 0x0000000080f00000| PB 0x0000000080e00000| Untracked 
|  15|0x0000000080f00000, 0x0000000081000000, 0x0000000081000000|100%| O|  |TAMS 0x0000000081000000| PB 0x0000000080f00000| Untracked 
|  16|0x0000000081000000, 0x0000000081000000, 0x0000000081100000|  0%| F|  |TAMS 0x0000000081000000| PB 0x0000000081000000| Untracked 
|  17|0x0000000081100000, 0x0000000081200000, 0x0000000081200000|100%| O|  |TAMS 0x0000000081200000| PB 0x0000000081100000| Untracked 
|  18|0x0000000081200000, 0x0000000081300000, 0x0000000081300000|100%| O|  |TAMS 0x0000000081300000| PB 0x0000000081200000| Untracked 
|  19|0x0000000081300000, 0x0000000081400000, 0x0000000081400000|100%| O|  |TAMS 0x0000000081400000| PB 0x0000000081300000| Untracked 
|  20|0x0000000081400000, 0x0000000081500000, 0x0000000081500000|100%| O|  |TAMS 0x0000000081500000| PB 0x0000000081400000| Untracked 
|  21|0x0000000081500000, 0x0000000081600000, 0x0000000081600000|100%| O|  |TAMS 0x0000000081600000| PB 0x0000000081500000| Untracked 
|  22|0x0000000081600000, 0x0000000081700000, 0x0000000081700000|100%| O|  |TAMS 0x0000000081700000| PB 0x0000000081600000| Untracked 
|  23|0x0000000081700000, 0x0000000081800000, 0x0000000081800000|100%| O|  |TAMS 0x0000000081800000| PB 0x0000000081700000| Untracked 
|  24|0x0000000081800000, 0x0000000081900000, 0x0000000081900000|100%| O|  |TAMS 0x0000000081900000| PB 0x0000000081800000| Untracked 
|  25|0x0000000081900000, 0x0000000081a00000, 0x0000000081a00000|100%| O|  |TAMS 0x0000000081a00000| PB 0x0000000081900000| Untracked 
|  26|0x0000000081a00000, 0x0000000081b00000, 0x0000000081b00000|100%| O|  |TAMS 0x0000000081b00000| PB 0x0000000081a00000| Untracked 
|  27|0x0000000081b00000, 0x0000000081c00000, 0x0000000081c00000|100%|HS|  |TAMS 0x0000000081c00000| PB 0x0000000081b00000| Complete 
|  28|0x0000000081c00000, 0x0000000081d00000, 0x0000000081d00000|100%|HC|  |TAMS 0x0000000081d00000| PB 0x0000000081c00000| Complete 
|  29|0x0000000081d00000, 0x0000000081e00000, 0x0000000081e00000|100%| O|  |TAMS 0x0000000081d00000| PB 0x0000000081d00000| Untracked 
|  30|0x0000000081e00000, 0x0000000081eef970, 0x0000000081f00000| 93%| O|  |TAMS 0x0000000081e00000| PB 0x0000000081e00000| Untracked 
|  31|0x0000000081f00000, 0x0000000081f00000, 0x0000000082000000|  0%| F|  |TAMS 0x0000000081f00000| PB 0x0000000081f00000| Untracked 
|  32|0x0000000082000000, 0x0000000082100000, 0x0000000082100000|100%| O|  |TAMS 0x0000000082100000| PB 0x0000000082000000| Untracked 
|  33|0x0000000082100000, 0x0000000082200000, 0x0000000082200000|100%| O|  |TAMS 0x00000000821a9620| PB 0x0000000082100000| Untracked 
|  34|0x0000000082200000, 0x0000000082200000, 0x0000000082300000|  0%| F|  |TAMS 0x0000000082200000| PB 0x0000000082200000| Untracked 
|  35|0x0000000082300000, 0x0000000082300000, 0x0000000082400000|  0%| F|  |TAMS 0x0000000082300000| PB 0x0000000082300000| Untracked 
|  36|0x0000000082400000, 0x0000000082400000, 0x0000000082500000|  0%| F|  |TAMS 0x0000000082400000| PB 0x0000000082400000| Untracked 
|  37|0x0000000082500000, 0x0000000082500000, 0x0000000082600000|  0%| F|  |TAMS 0x0000000082500000| PB 0x0000000082500000| Untracked 
|  38|0x0000000082600000, 0x0000000082600000, 0x0000000082700000|  0%| F|  |TAMS 0x0000000082600000| PB 0x0000000082600000| Untracked 
|  39|0x0000000082700000, 0x0000000082700000, 0x0000000082800000|  0%| F|  |TAMS 0x0000000082700000| PB 0x0000000082700000| Untracked 
|  40|0x0000000082800000, 0x0000000082800000, 0x0000000082900000|  0%| F|  |TAMS 0x0000000082800000| PB 0x0000000082800000| Untracked 
|  41|0x0000000082900000, 0x0000000082900000, 0x0000000082a00000|  0%| F|  |TAMS 0x0000000082900000| PB 0x0000000082900000| Untracked 
|  42|0x0000000082a00000, 0x0000000082a00000, 0x0000000082b00000|  0%| F|  |TAMS 0x0000000082a00000| PB 0x0000000082a00000| Untracked 
|  43|0x0000000082b00000, 0x0000000082b00000, 0x0000000082c00000|  0%| F|  |TAMS 0x0000000082b00000| PB 0x0000000082b00000| Untracked 
|  44|0x0000000082c00000, 0x0000000082c00000, 0x0000000082d00000|  0%| F|  |TAMS 0x0000000082c00000| PB 0x0000000082c00000| Untracked 
|  45|0x0000000082d00000, 0x0000000082d00000, 0x0000000082e00000|  0%| F|  |TAMS 0x0000000082d00000| PB 0x0000000082d00000| Untracked 
|  46|0x0000000082e00000, 0x0000000082e00000, 0x0000000082f00000|  0%| F|  |TAMS 0x0000000082e00000| PB 0x0000000082e00000| Untracked 
|  47|0x0000000082f00000, 0x0000000082f00000, 0x0000000083000000|  0%| F|  |TAMS 0x0000000082f00000| PB 0x0000000082f00000| Untracked 
|  48|0x0000000083000000, 0x0000000083000000, 0x0000000083100000|  0%| F|  |TAMS 0x0000000083000000| PB 0x0000000083000000| Untracked 
|  49|0x0000000083100000, 0x0000000083100000, 0x0000000083200000|  0%| F|  |TAMS 0x0000000083100000| PB 0x0000000083100000| Untracked 
|  50|0x0000000083200000, 0x0000000083200000, 0x0000000083300000|  0%| F|  |TAMS 0x0000000083200000| PB 0x0000000083200000| Untracked 
|  51|0x0000000083300000, 0x0000000083300000, 0x0000000083400000|  0%| F|  |TAMS 0x0000000083300000| PB 0x0000000083300000| Untracked 
|  52|0x0000000083400000, 0x0000000083400000, 0x0000000083500000|  0%| F|  |TAMS 0x0000000083400000| PB 0x0000000083400000| Untracked 
|  53|0x0000000083500000, 0x0000000083500000, 0x0000000083600000|  0%| F|  |TAMS 0x0000000083500000| PB 0x0000000083500000| Untracked 
|  54|0x0000000083600000, 0x0000000083600000, 0x0000000083700000|  0%| F|  |TAMS 0x0000000083600000| PB 0x0000000083600000| Untracked 
|  55|0x0000000083700000, 0x000000008370fc40, 0x0000000083800000|  6%| S|CS|TAMS 0x0000000083700000| PB 0x0000000083700000| Complete 
|  56|0x0000000083800000, 0x0000000083900000, 0x0000000083900000|100%| S|CS|TAMS 0x0000000083800000| PB 0x0000000083800000| Complete 
|  57|0x0000000083900000, 0x0000000083900000, 0x0000000083a00000|  0%| F|  |TAMS 0x0000000083900000| PB 0x0000000083900000| Untracked 
|  58|0x0000000083a00000, 0x0000000083a00000, 0x0000000083b00000|  0%| F|  |TAMS 0x0000000083a00000| PB 0x0000000083a00000| Untracked 
|  59|0x0000000083b00000, 0x0000000083b00000, 0x0000000083c00000|  0%| F|  |TAMS 0x0000000083b00000| PB 0x0000000083b00000| Untracked 
|  60|0x0000000083c00000, 0x0000000083c00000, 0x0000000083d00000|  0%| F|  |TAMS 0x0000000083c00000| PB 0x0000000083c00000| Untracked 
|  61|0x0000000083d00000, 0x0000000083d00000, 0x0000000083e00000|  0%| F|  |TAMS 0x0000000083d00000| PB 0x0000000083d00000| Untracked 
| 101|0x0000000086500000, 0x0000000086500000, 0x0000000086600000|  0%| F|  |TAMS 0x0000000086500000| PB 0x0000000086500000| Untracked 
| 102|0x0000000086600000, 0x0000000086600000, 0x0000000086700000|  0%| F|  |TAMS 0x0000000086600000| PB 0x0000000086600000| Untracked 
| 103|0x0000000086700000, 0x0000000086700000, 0x0000000086800000|  0%| F|  |TAMS 0x0000000086700000| PB 0x0000000086700000| Untracked 
| 126|0x0000000087e00000, 0x0000000087e00000, 0x0000000087f00000|  0%| F|  |TAMS 0x0000000087e00000| PB 0x0000000087e00000| Untracked 
| 127|0x0000000087f00000, 0x0000000087f00000, 0x0000000088000000|  0%| F|  |TAMS 0x0000000087f00000| PB 0x0000000087f00000| Untracked 

Card table byte_map: [0x0000023824bd0000,0x0000023824fd0000] _byte_map_base: 0x00000238247d0000

Marking Bits: (CMBitMap*) 0x00000238123923a0
 Bits: [0x0000023824fd0000, 0x0000023826fd0000)

Polling page: 0x0000023810040000

Metaspace:

Usage:
  Non-class:     37.95 MB used.
      Class:      6.02 MB used.
       Both:     43.98 MB used.

Virtual space:
  Non-class space:       64.00 MB reserved,      38.44 MB ( 60%) committed,  1 nodes.
      Class space:        1.00 GB reserved,       6.44 MB ( <1%) committed,  1 nodes.
             Both:        1.06 GB reserved,      44.88 MB (  4%) committed. 

Chunk freelists:
   Non-Class:  9.39 MB
       Class:  9.39 MB
        Both:  18.78 MB

MaxMetaspaceSize: unlimited
CompressedClassSpaceSize: 1.00 GB
Initial GC threshold: 21.00 MB
Current GC threshold: 59.00 MB
CDS: off
 - commit_granule_bytes: 65536.
 - commit_granule_words: 8192.
 - virtual_space_node_default_size: 8388608.
 - enlarge_chunks_in_place: 1.
 - use_allocation_guard: 0.


Internal statistics:

num_allocs_failed_limit: 6.
num_arena_births: 1646.
num_arena_deaths: 0.
num_vsnodes_births: 2.
num_vsnodes_deaths: 0.
num_space_committed: 718.
num_space_uncommitted: 0.
num_chunks_returned_to_freelist: 6.
num_chunks_taken_from_freelist: 3109.
num_chunk_merges: 3.
num_chunk_splits: 2021.
num_chunks_enlarged: 1299.
num_inconsistent_stats: 0.

CodeHeap 'non-profiled nmethods': size=120000Kb used=1815Kb max_used=1815Kb free=118184Kb
 bounds [0x000002381cf70000, 0x000002381d1e0000, 0x00000238244a0000]
CodeHeap 'profiled nmethods': size=120000Kb used=7485Kb max_used=7485Kb free=112514Kb
 bounds [0x00000238154a0000, 0x0000023815bf0000, 0x000002381c9d0000]
CodeHeap 'non-nmethods': size=5760Kb used=1888Kb max_used=1926Kb free=3871Kb
 bounds [0x000002381c9d0000, 0x000002381cc40000, 0x000002381cf70000]
CodeCache: size=245760Kb, used=11188Kb, max_used=11226Kb, free=234569Kb
 total_blobs=4441, nmethods=3758, adapters=587, full_count=0
Compilation: enabled, stopped_count=0, restarted_count=0

Compilation events (20 events):
Event: 10.875 Thread 0x0000023829c16d60 4165       3       java.lang.reflect.Field::copy (80 bytes)
Event: 10.875 Thread 0x0000023829c16d60 nmethod 4165 0x0000023815beb990 code [0x0000023815bebb60, 0x0000023815bebf60]
Event: 10.875 Thread 0x0000023829c16d60 4160       3       java.util.Collections$UnmodifiableMap$UnmodifiableEntrySet$UnmodifiableEntry::getValue (10 bytes)
Event: 10.875 Thread 0x0000023829c16d60 nmethod 4160 0x0000023815bec090 code [0x0000023815bec240, 0x0000023815bec410]
Event: 10.875 Thread 0x0000023829c16d60 4161       3       java.beans.MethodRef::isSet (13 bytes)
Event: 10.876 Thread 0x0000023829c16d60 nmethod 4161 0x0000023815bec510 code [0x0000023815bec6a0, 0x0000023815bec800]
Event: 10.896 Thread 0x0000023829c16d60 4166       1       java.lang.reflect.Field::getType (5 bytes)
Event: 10.896 Thread 0x0000023829c16d60 nmethod 4166 0x000002381d135390 code [0x000002381d135520, 0x000002381d1355e8]
Event: 10.896 Thread 0x0000023829c16d60 4168       3       org.codehaus.groovy.reflection.CachedMethod::compareToMethod (125 bytes)
Event: 10.898 Thread 0x0000023829c16d60 nmethod 4168 0x0000023815bec890 code [0x0000023815becb80, 0x0000023815bed958]
Event: 10.898 Thread 0x0000023829c16d60 4167       3       org.codehaus.groovy.reflection.CachedMethod$MyComparator::compare (43 bytes)
Event: 10.899 Thread 0x0000023829c16d60 nmethod 4167 0x0000023815bedf90 code [0x0000023815bee200, 0x0000023815beef70]
Event: 10.899 Thread 0x0000023829c16d60 4169       1       groovy.lang.MetaProperty::getType (5 bytes)
Event: 10.899 Thread 0x0000023829c16d60 nmethod 4169 0x000002381d135690 code [0x000002381d135820, 0x000002381d1358e8]
Event: 10.899 Thread 0x0000023829c16d60 4170       1       groovy.lang.MetaBeanProperty::getGetter (5 bytes)
Event: 10.899 Thread 0x0000023829c16d60 nmethod 4170 0x000002381d135990 code [0x000002381d135b20, 0x000002381d135be8]
Event: 10.899 Thread 0x0000023829c16d60 4171       1       groovy.lang.MetaBeanProperty::getField (5 bytes)
Event: 10.899 Thread 0x0000023829c16d60 nmethod 4171 0x000002381d135c90 code [0x000002381d135e20, 0x000002381d135ee8]
Event: 10.899 Thread 0x0000023829c16d60 4172       3       org.codehaus.groovy.util.ComplexKeyHashMap$1::hasNext (13 bytes)
Event: 10.899 Thread 0x0000023829c16d60 nmethod 4172 0x0000023815bef190 code [0x0000023815bef320, 0x0000023815bef480]

GC Heap History (19 events):
Event: 1.165 GC heap before
{Heap before GC invocations=0 (full 0):
 garbage-first heap   total 131072K, used 22528K [0x0000000080000000, 0x0000000100000000)
  region size 1024K, 23 young (23552K), 0 survivors (0K)
 Metaspace       used 8094K, committed 8256K, reserved 1114112K
  class space    used 746K, committed 832K, reserved 1048576K
}
Event: 1.170 GC heap after
{Heap after GC invocations=1 (full 0):
 garbage-first heap   total 131072K, used 2218K [0x0000000080000000, 0x0000000100000000)
  region size 1024K, 3 young (3072K), 3 survivors (3072K)
 Metaspace       used 8094K, committed 8256K, reserved 1114112K
  class space    used 746K, committed 832K, reserved 1048576K
}
Event: 2.302 GC heap before
{Heap before GC invocations=1 (full 0):
 garbage-first heap   total 131072K, used 40106K [0x0000000080000000, 0x0000000100000000)
  region size 1024K, 38 young (38912K), 3 survivors (3072K)
 Metaspace       used 12332K, committed 12544K, reserved 1114112K
  class space    used 1348K, committed 1472K, reserved 1048576K
}
Event: 2.315 GC heap after
{Heap after GC invocations=2 (full 0):
 garbage-first heap   total 131072K, used 10594K [0x0000000080000000, 0x0000000100000000)
  region size 1024K, 5 young (5120K), 5 survivors (5120K)
 Metaspace       used 12332K, committed 12544K, reserved 1114112K
  class space    used 1348K, committed 1472K, reserved 1048576K
}
Event: 3.466 GC heap before
{Heap before GC invocations=2 (full 0):
 garbage-first heap   total 131072K, used 60770K [0x0000000080000000, 0x0000000100000000)
  region size 1024K, 52 young (53248K), 5 survivors (5120K)
 Metaspace       used 14392K, committed 14656K, reserved 1114112K
  class space    used 1641K, committed 1728K, reserved 1048576K
}
Event: 3.494 GC heap after
{Heap after GC invocations=3 (full 0):
 garbage-first heap   total 131072K, used 17814K [0x0000000080000000, 0x0000000100000000)
  region size 1024K, 6 young (6144K), 6 survivors (6144K)
 Metaspace       used 14392K, committed 14656K, reserved 1114112K
  class space    used 1641K, committed 1728K, reserved 1048576K
}
Event: 4.954 GC heap before
{Heap before GC invocations=3 (full 0):
 garbage-first heap   total 131072K, used 41366K [0x0000000080000000, 0x0000000100000000)
  region size 1024K, 30 young (30720K), 6 survivors (6144K)
 Metaspace       used 21248K, committed 21504K, reserved 1114112K
  class space    used 2553K, committed 2688K, reserved 1048576K
}
Event: 4.965 GC heap after
{Heap after GC invocations=4 (full 0):
 garbage-first heap   total 131072K, used 20133K [0x0000000080000000, 0x0000000100000000)
  region size 1024K, 3 young (3072K), 3 survivors (3072K)
 Metaspace       used 21248K, committed 21504K, reserved 1114112K
  class space    used 2553K, committed 2688K, reserved 1048576K
}
Event: 6.490 GC heap before
{Heap before GC invocations=5 (full 0):
 garbage-first heap   total 68608K, used 58021K [0x0000000080000000, 0x0000000100000000)
  region size 1024K, 40 young (40960K), 3 survivors (3072K)
 Metaspace       used 27834K, committed 28352K, reserved 1114112K
  class space    used 3595K, committed 3840K, reserved 1048576K
}
Event: 6.498 GC heap after
{Heap after GC invocations=6 (full 0):
 garbage-first heap   total 68608K, used 21994K [0x0000000080000000, 0x0000000100000000)
  region size 1024K, 5 young (5120K), 5 survivors (5120K)
 Metaspace       used 27834K, committed 28352K, reserved 1114112K
  class space    used 3595K, committed 3840K, reserved 1048576K
}
Event: 8.139 GC heap before
{Heap before GC invocations=6 (full 0):
 garbage-first heap   total 68608K, used 54762K [0x0000000080000000, 0x0000000100000000)
  region size 1024K, 37 young (37888K), 5 survivors (5120K)
 Metaspace       used 32088K, committed 32704K, reserved 1114112K
  class space    used 4358K, committed 4672K, reserved 1048576K
}
Event: 8.148 GC heap after
{Heap after GC invocations=7 (full 0):
 garbage-first heap   total 68608K, used 24098K [0x0000000080000000, 0x0000000100000000)
  region size 1024K, 5 young (5120K), 5 survivors (5120K)
 Metaspace       used 32088K, committed 32704K, reserved 1114112K
  class space    used 4358K, committed 4672K, reserved 1048576K
}
Event: 8.896 GC heap before
{Heap before GC invocations=7 (full 0):
 garbage-first heap   total 68608K, used 46626K [0x0000000080000000, 0x0000000100000000)
  region size 1024K, 28 young (28672K), 5 survivors (5120K)
 Metaspace       used 35405K, committed 36160K, reserved 1114112K
  class space    used 4903K, committed 5248K, reserved 1048576K
}
Event: 8.902 GC heap after
{Heap after GC invocations=8 (full 0):
 garbage-first heap   total 68608K, used 25559K [0x0000000080000000, 0x0000000100000000)
  region size 1024K, 4 young (4096K), 4 survivors (4096K)
 Metaspace       used 35405K, committed 36160K, reserved 1114112K
  class space    used 4903K, committed 5248K, reserved 1048576K
}
Event: 9.965 GC heap before
{Heap before GC invocations=9 (full 0):
 garbage-first heap   total 68608K, used 56279K [0x0000000080000000, 0x0000000100000000)
  region size 1024K, 35 young (35840K), 4 survivors (4096K)
 Metaspace       used 42252K, committed 43072K, reserved 1114112K
  class space    used 5825K, committed 6208K, reserved 1048576K
}
Event: 9.974 GC heap after
{Heap after GC invocations=10 (full 0):
 garbage-first heap   total 68608K, used 29176K [0x0000000080000000, 0x0000000100000000)
  region size 1024K, 5 young (5120K), 5 survivors (5120K)
 Metaspace       used 42252K, committed 43072K, reserved 1114112K
  class space    used 5825K, committed 6208K, reserved 1048576K
}
Event: 10.627 GC heap before
{Heap before GC invocations=10 (full 0):
 garbage-first heap   total 68608K, used 57848K [0x0000000080000000, 0x0000000100000000)
  region size 1024K, 34 young (34816K), 5 survivors (5120K)
 Metaspace       used 44049K, committed 44928K, reserved 1114112K
  class space    used 6012K, committed 6400K, reserved 1048576K
}
Event: 10.635 GC heap after
{Heap after GC invocations=11 (full 0):
 garbage-first heap   total 68608K, used 31154K [0x0000000080000000, 0x0000000100000000)
  region size 1024K, 3 young (3072K), 3 survivors (3072K)
 Metaspace       used 44049K, committed 44928K, reserved 1114112K
  class space    used 6012K, committed 6400K, reserved 1048576K
}
Event: 10.905 GC heap before
{Heap before GC invocations=11 (full 0):
 garbage-first heap   total 68608K, used 42418K [0x0000000080000000, 0x0000000100000000)
  region size 1024K, 13 young (13312K), 3 survivors (3072K)
 Metaspace       used 45031K, committed 45952K, reserved 1114112K
  class space    used 6167K, committed 6592K, reserved 1048576K
}

Dll operation events (3 events):
Event: 0.167 Loaded shared library D:\Android\jbr\bin\java.dll
Event: 0.191 Loaded shared library D:\Android\jbr\bin\zip.dll
Event: 1.339 Loaded shared library D:\Android\jbr\bin\verify.dll

Deoptimization events (20 events):
Event: 10.352 Thread 0x000002382f04f210 DEOPT PACKING pc=0x000002381cfd1f34 sp=0x000000dbbbbf8170
Event: 10.352 Thread 0x000002382f04f210 DEOPT UNPACKING pc=0x000002381ca246a2 sp=0x000000dbbbbf8118 mode 2
Event: 10.368 Thread 0x000002382f04f210 Uncommon trap: trap_request=0xffffff6e fr.pc=0x000002381d11d94c relative=0x000000000000080c
Event: 10.368 Thread 0x000002382f04f210 Uncommon trap: reason=loop_limit_check action=maybe_recompile pc=0x000002381d11d94c method=java.util.regex.Pattern$Start.match(Ljava/util/regex/Matcher;ILjava/lang/CharSequence;)Z @ 34 c2
Event: 10.368 Thread 0x000002382f04f210 DEOPT PACKING pc=0x000002381d11d94c sp=0x000000dbbbbf8510
Event: 10.368 Thread 0x000002382f04f210 DEOPT UNPACKING pc=0x000002381ca246a2 sp=0x000000dbbbbf8460 mode 2
Event: 10.618 Thread 0x000002382f04f210 Uncommon trap: trap_request=0xffffffc6 fr.pc=0x000002381d124e70 relative=0x00000000000008b0
Event: 10.618 Thread 0x000002382f04f210 Uncommon trap: reason=bimorphic_or_optimized_type_check action=maybe_recompile pc=0x000002381d124e70 method=java.util.regex.Pattern$Start.match(Ljava/util/regex/Matcher;ILjava/lang/CharSequence;)Z @ 44 c2
Event: 10.618 Thread 0x000002382f04f210 DEOPT PACKING pc=0x000002381d124e70 sp=0x000000dbbbbf96a0
Event: 10.618 Thread 0x000002382f04f210 DEOPT UNPACKING pc=0x000002381ca246a2 sp=0x000000dbbbbf95e0 mode 2
Event: 10.620 Thread 0x000002382f04f210 Uncommon trap: trap_request=0xffffffc6 fr.pc=0x000002381d124e70 relative=0x00000000000008b0
Event: 10.620 Thread 0x000002382f04f210 Uncommon trap: reason=bimorphic_or_optimized_type_check action=maybe_recompile pc=0x000002381d124e70 method=java.util.regex.Pattern$Start.match(Ljava/util/regex/Matcher;ILjava/lang/CharSequence;)Z @ 44 c2
Event: 10.620 Thread 0x000002382f04f210 DEOPT PACKING pc=0x000002381d124e70 sp=0x000000dbbbbf96a0
Event: 10.620 Thread 0x000002382f04f210 DEOPT UNPACKING pc=0x000002381ca246a2 sp=0x000000dbbbbf95e0 mode 2
Event: 10.723 Thread 0x000002382f04f210 DEOPT PACKING pc=0x0000023815948e16 sp=0x000000dbbbbf9840
Event: 10.723 Thread 0x000002382f04f210 DEOPT UNPACKING pc=0x000002381ca24e42 sp=0x000000dbbbbf8d88 mode 0
Event: 10.809 Thread 0x000002382f04f210 Uncommon trap: trap_request=0xfffffff4 fr.pc=0x000002381d0ec8d8 relative=0x0000000000000218
Event: 10.809 Thread 0x000002382f04f210 Uncommon trap: reason=null_check action=make_not_entrant pc=0x000002381d0ec8d8 method=sun.invoke.util.VerifyType.isNullConversion(Ljava/lang/Class;Ljava/lang/Class;Z)Z @ 67 c2
Event: 10.809 Thread 0x000002382f04f210 DEOPT PACKING pc=0x000002381d0ec8d8 sp=0x000000dbbbbfa020
Event: 10.809 Thread 0x000002382f04f210 DEOPT UNPACKING pc=0x000002381ca246a2 sp=0x000000dbbbbf9fa0 mode 2

Classes loaded (20 events):
Event: 10.375 Loading class java/nio/ByteBufferAsIntBufferL
Event: 10.377 Loading class java/nio/ByteBufferAsIntBufferL done
Event: 10.379 Loading class jdk/internal/jrtfs/JrtFileAttributes
Event: 10.379 Loading class jdk/internal/jrtfs/JrtFileAttributes done
Event: 10.380 Loading class jdk/internal/jrtfs/JrtDirectoryStream
Event: 10.380 Loading class jdk/internal/jrtfs/JrtDirectoryStream done
Event: 10.381 Loading class jdk/internal/jrtfs/JrtDirectoryStream$1
Event: 10.381 Loading class jdk/internal/jrtfs/JrtDirectoryStream$1 done
Event: 10.382 Loading class java/util/function/BooleanSupplier
Event: 10.382 Loading class java/util/function/BooleanSupplier done
Event: 10.384 Loading class jdk/internal/jimage/ImageReader$Resource
Event: 10.384 Loading class jdk/internal/jimage/ImageReader$Resource done
Event: 10.569 Loading class java/util/WeakHashMap$KeyIterator
Event: 10.569 Loading class java/util/WeakHashMap$HashIterator
Event: 10.569 Loading class java/util/WeakHashMap$HashIterator done
Event: 10.569 Loading class java/util/WeakHashMap$KeyIterator done
Event: 10.809 Loading class sun/invoke/util/ValueConversions$1
Event: 10.809 Loading class sun/invoke/util/ValueConversions$1 done
Event: 10.810 Loading class java/lang/invoke/BoundMethodHandle$Species_LI
Event: 10.810 Loading class java/lang/invoke/BoundMethodHandle$Species_LI done

Classes unloaded (0 events):
No events

Classes redefined (0 events):
No events

Internal exceptions (20 events):
Event: 10.609 Thread 0x000002382f04f210 Exception <a 'java/lang/ClassNotFoundException'{0x0000000082673de0}: groovy/lang/ScriptCustomizer> (0x0000000082673de0) 
thrown [s\src\hotspot\share\classfile\systemDictionary.cpp, line 312]
Event: 10.612 Thread 0x000002382f04f210 Exception <a 'java/lang/ClassNotFoundException'{0x0000000082685440}: org/gradle/groovy/scripts/ScriptCustomizer> (0x0000000082685440) 
thrown [s\src\hotspot\share\classfile\systemDictionary.cpp, line 312]
Event: 10.614 Thread 0x000002382f04f210 Exception <a 'java/lang/ClassNotFoundException'{0x00000000826949b0}: org/gradle/groovy/scripts/BasicScriptCustomizer> (0x00000000826949b0) 
thrown [s\src\hotspot\share\classfile\systemDictionary.cpp, line 312]
Event: 10.617 Thread 0x000002382f04f210 Exception <a 'java/lang/ClassNotFoundException'{0x00000000826aa518}: org/gradle/groovy/scripts/DefaultScriptCustomizer> (0x00000000826aa518) 
thrown [s\src\hotspot\share\classfile\systemDictionary.cpp, line 312]
Event: 10.625 Thread 0x000002382f04f210 Exception <a 'java/lang/ClassNotFoundException'{0x00000000826ebbe0}: org/gradle/initialization/InitScriptCustomizer> (0x00000000826ebbe0) 
thrown [s\src\hotspot\share\classfile\systemDictionary.cpp, line 312]
Event: 10.626 Thread 0x000002382f04f210 Exception <a 'java/lang/ClassNotFoundException'{0x00000000826fa050}: ijMapper1_23mpu81012kc8othrs4eu7ka0Customizer> (0x00000000826fa050) 
thrown [s\src\hotspot\share\classfile\systemDictionary.cpp, line 312]
Event: 10.668 Thread 0x000002382f04f210 Exception <a 'java/lang/ClassNotFoundException'{0x0000000087fc98a0}: org/gradle/internal/extensibility/DefaultExtraPropertiesExtensionBeanInfo> (0x0000000087fc98a0) 
thrown [s\src\hotspot\share\classfile\systemDictionary.cpp, line 312]
Event: 10.669 Thread 0x000002382f04f210 Exception <a 'java/lang/ClassNotFoundException'{0x0000000087fd26e8}: org/gradle/internal/extensibility/DefaultExtraPropertiesExtensionCustomizer> (0x0000000087fd26e8) 
thrown [s\src\hotspot\share\classfile\systemDictionary.cpp, line 312]
Event: 10.724 Thread 0x000002382f04f210 Exception <a 'java/lang/NoSuchMethodError'{0x0000000087ee8720}: 'java.lang.Object java.lang.invoke.DirectMethodHandle$Holder.invokeSpecialIFC(java.lang.Object, java.lang.Object, java.lang.Object, java.lang.Object)'> (0x0000000087ee8720) 
thrown [s\src\hotspot\share\interpreter\linkResolver.cpp, line 784]
Event: 10.804 Thread 0x000002382f04f210 Exception <a 'java/lang/NoSuchMethodError'{0x0000000083d24ce0}: 'void java.lang.invoke.Invokers$Holder.invoke_MT(java.lang.Object, java.lang.Object, java.lang.Object, java.lang.Object)'> (0x0000000083d24ce0) 
thrown [s\src\hotspot\share\interpreter\linkResolver.cpp, line 784]
Event: 10.809 Thread 0x000002382f04f210 Implicit null exception at 0x000002381d0ec771 to 0x000002381d0ec8c4
Event: 10.809 Thread 0x000002382f04f210 Exception <a 'java/lang/NoSuchMethodError'{0x0000000083d42660}: 'int java.lang.invoke.DirectMethodHandle$Holder.invokeSpecial(java.lang.Object, java.lang.Object, java.lang.Object, int)'> (0x0000000083d42660) 
thrown [s\src\hotspot\share\interpreter\linkResolver.cpp, line 784]
Event: 10.810 Thread 0x000002382f04f210 Exception <a 'java/lang/NoSuchMethodError'{0x0000000083d53a18}: 'java.lang.Object java.lang.invoke.DirectMethodHandle$Holder.invokeStatic(java.lang.Object, java.lang.Object, java.lang.Object, java.lang.Object, int)'> (0x0000000083d53a18) 
thrown [s\src\hotspot\share\interpreter\linkResolver.cpp, line 784]
Event: 10.812 Thread 0x000002382f04f210 Exception <a 'java/lang/NoSuchMethodError'{0x0000000083d5c1b0}: 'java.lang.Object java.lang.invoke.DirectMethodHandle$Holder.invokeSpecial(java.lang.Object, java.lang.Object, java.lang.Object, java.lang.Object, int)'> (0x0000000083d5c1b0) 
thrown [s\src\hotspot\share\interpreter\linkResolver.cpp, line 784]
Event: 10.851 Thread 0x000002382f04f210 Exception <a 'java/lang/ClassNotFoundException'{0x0000000083cbad70}: org/gradle/invocation/DefaultGradle_DecoratedBeanInfo> (0x0000000083cbad70) 
thrown [s\src\hotspot\share\classfile\systemDictionary.cpp, line 312]
Event: 10.852 Thread 0x000002382f04f210 Exception <a 'java/lang/ClassNotFoundException'{0x0000000083cc8190}: org/gradle/invocation/DefaultGradleBeanInfo> (0x0000000083cc8190) 
thrown [s\src\hotspot\share\classfile\systemDictionary.cpp, line 312]
Event: 10.853 Thread 0x000002382f04f210 Exception <a 'java/lang/ClassNotFoundException'{0x0000000083cd5a90}: org/gradle/api/internal/project/AbstractPluginAwareBeanInfo> (0x0000000083cd5a90) 
thrown [s\src\hotspot\share\classfile\systemDictionary.cpp, line 312]
Event: 10.854 Thread 0x000002382f04f210 Exception <a 'java/lang/ClassNotFoundException'{0x0000000083ce33e0}: org/gradle/api/internal/project/AbstractPluginAwareCustomizer> (0x0000000083ce33e0) 
thrown [s\src\hotspot\share\classfile\systemDictionary.cpp, line 312]
Event: 10.856 Thread 0x000002382f04f210 Exception <a 'java/lang/ClassNotFoundException'{0x0000000083cf73a0}: org/gradle/invocation/DefaultGradleCustomizer> (0x0000000083cf73a0) 
thrown [s\src\hotspot\share\classfile\systemDictionary.cpp, line 312]
Event: 10.864 Thread 0x000002382f04f210 Exception <a 'java/lang/ClassNotFoundException'{0x0000000083b3bc68}: org/gradle/invocation/DefaultGradle_DecoratedCustomizer> (0x0000000083b3bc68) 
thrown [s\src\hotspot\share\classfile\systemDictionary.cpp, line 312]

ZGC Phase Switch (0 events):
No events

VM Operations (20 events):
Event: 9.282 Executing VM operation: HandshakeAllThreads (Deoptimize) done
Event: 9.283 Executing VM operation: HandshakeAllThreads (Deoptimize)
Event: 9.283 Executing VM operation: HandshakeAllThreads (Deoptimize) done
Event: 9.489 Executing VM operation: HandshakeAllThreads (Deoptimize)
Event: 9.489 Executing VM operation: HandshakeAllThreads (Deoptimize) done
Event: 9.704 Executing VM operation: HandshakeAllThreads (Deoptimize)
Event: 9.704 Executing VM operation: HandshakeAllThreads (Deoptimize) done
Event: 9.864 Executing VM operation: ICBufferFull
Event: 9.864 Executing VM operation: ICBufferFull done
Event: 9.904 Executing VM operation: HandshakeAllThreads (Deoptimize)
Event: 9.904 Executing VM operation: HandshakeAllThreads (Deoptimize) done
Event: 9.965 Executing VM operation: G1CollectForAllocation (G1 Evacuation Pause)
Event: 9.974 Executing VM operation: G1CollectForAllocation (G1 Evacuation Pause) done
Event: 10.180 Executing VM operation: HandshakeAllThreads (Deoptimize)
Event: 10.180 Executing VM operation: HandshakeAllThreads (Deoptimize) done
Event: 10.379 Executing VM operation: HandshakeAllThreads (Deoptimize)
Event: 10.379 Executing VM operation: HandshakeAllThreads (Deoptimize) done
Event: 10.627 Executing VM operation: G1CollectForAllocation (G1 Evacuation Pause)
Event: 10.635 Executing VM operation: G1CollectForAllocation (G1 Evacuation Pause) done
Event: 10.905 Executing VM operation: G1TryInitiateConcMark (G1 Humongous Allocation)

Memory protections (0 events):
No events

Nmethod flushes (20 events):
Event: 8.925 Thread 0x0000023829a5db30 flushing  nmethod 0x000002381559ca90
Event: 8.925 Thread 0x0000023829a5db30 flushing  nmethod 0x000002381559d490
Event: 8.925 Thread 0x0000023829a5db30 flushing  nmethod 0x00000238155a1690
Event: 8.925 Thread 0x0000023829a5db30 flushing  nmethod 0x00000238155a2010
Event: 8.925 Thread 0x0000023829a5db30 flushing  nmethod 0x00000238155a2b10
Event: 8.925 Thread 0x0000023829a5db30 flushing  nmethod 0x00000238155e0390
Event: 8.925 Thread 0x0000023829a5db30 flushing  nmethod 0x00000238155e2110
Event: 8.925 Thread 0x0000023829a5db30 flushing  nmethod 0x00000238155e3b90
Event: 8.925 Thread 0x0000023829a5db30 flushing  nmethod 0x00000238155e4d10
Event: 8.925 Thread 0x0000023829a5db30 flushing  nmethod 0x00000238155e5710
Event: 8.925 Thread 0x0000023829a5db30 flushing  nmethod 0x00000238155e9c10
Event: 8.925 Thread 0x0000023829a5db30 flushing  nmethod 0x000002381564bc10
Event: 8.925 Thread 0x0000023829a5db30 flushing  nmethod 0x000002381564f190
Event: 8.925 Thread 0x0000023829a5db30 flushing  nmethod 0x0000023815657190
Event: 8.925 Thread 0x0000023829a5db30 flushing  nmethod 0x0000023815699110
Event: 8.925 Thread 0x0000023829a5db30 flushing  nmethod 0x000002381569b890
Event: 8.925 Thread 0x0000023829a5db30 flushing  nmethod 0x000002381569bc10
Event: 8.925 Thread 0x0000023829a5db30 flushing  nmethod 0x000002381574d790
Event: 8.925 Thread 0x0000023829a5db30 flushing  nmethod 0x00000238157d8d10
Event: 8.925 Thread 0x0000023829a5db30 flushing  nmethod 0x00000238158c2590

Events (20 events):
Event: 4.339 Thread 0x0000023812339eb0 Thread added: 0x000002382f04f8a0
Event: 4.533 Thread 0x0000023812339eb0 Thread added: 0x000002382f04cab0
Event: 4.670 Thread 0x000002382f04f8a0 Thread added: 0x000002382f04d140
Event: 4.675 Thread 0x000002382f04d140 Thread added: 0x000002382f04de60
Event: 4.767 Thread 0x000002382f04d140 Thread added: 0x000002382f04d7d0
Event: 4.787 Thread 0x000002382f04d140 Thread added: 0x000002382f04f210
Event: 4.810 Thread 0x000002382f04f210 Thread added: 0x000002382f04e4f0
Event: 4.818 Thread 0x000002382f04f210 Thread added: 0x000002382f86af90
Event: 4.822 Thread 0x000002382f04f210 Thread added: 0x000002382f86bcb0
Event: 5.898 Thread 0x000002382f04f210 Thread added: 0x000002382f869be0
Event: 5.914 Thread 0x000002382f04f210 Thread added: 0x000002382f8660d0
Event: 5.961 Thread 0x000002382f04f210 Thread added: 0x000002382f86a270
Event: 8.228 Thread 0x000002382f04f210 Thread added: 0x000002382f86d6f0
Event: 8.249 Thread 0x000002382f04f210 Thread added: 0x000002382f867b10
Event: 8.717 Thread 0x000002382f04f210 Thread added: 0x000002382f86a900
Event: 8.730 Thread 0x000002382f04f210 Thread added: 0x000002382f86b620
Event: 9.198 Thread 0x000002382f04f210 Thread added: 0x000002382f866760
Event: 9.262 Thread 0x000002382f04f210 Thread added: 0x000002382f86c340
Event: 10.710 Thread 0x000002382f04f210 Thread added: 0x000002382f86c9d0
Event: 10.760 Thread 0x000002382f04f210 Thread added: 0x000002382f866df0


Dynamic libraries:
0x00007ff6ab4b0000 - 0x00007ff6ab4ba000 	D:\Android\jbr\bin\java.exe
0x00007ffb132d0000 - 0x00007ffb134c8000 	C:\Windows\SYSTEM32\ntdll.dll
0x00007ffb12fd0000 - 0x00007ffb1308d000 	C:\Windows\System32\KERNEL32.DLL
0x00007ffb10c90000 - 0x00007ffb10f86000 	C:\Windows\System32\KERNELBASE.dll
0x00007ffb11020000 - 0x00007ffb11120000 	C:\Windows\System32\ucrtbase.dll
0x00007ffb0c290000 - 0x00007ffb0c2ab000 	D:\Android\jbr\bin\VCRUNTIME140.dll
0x00007ffae5bd0000 - 0x00007ffae5be8000 	D:\Android\jbr\bin\jli.dll
0x00007ffb12e30000 - 0x00007ffb12fce000 	C:\Windows\System32\USER32.dll
0x00007ffb109b0000 - 0x00007ffb109d2000 	C:\Windows\System32\win32u.dll
0x00007ffb11a90000 - 0x00007ffb11abc000 	C:\Windows\System32\GDI32.dll
0x00007ffb10b70000 - 0x00007ffb10c8a000 	C:\Windows\System32\gdi32full.dll
0x00007ffb10ad0000 - 0x00007ffb10b6d000 	C:\Windows\System32\msvcp_win.dll
0x00007ffafb8e0000 - 0x00007ffafbb7a000 	C:\Windows\WinSxS\amd64_microsoft.windows.common-controls_6595b64144ccf1df_6.0.19041.3636_none_60b6a03d71f818d5\COMCTL32.dll
0x00007ffb11330000 - 0x00007ffb113ce000 	C:\Windows\System32\msvcrt.dll
0x00007ffb124e0000 - 0x00007ffb12510000 	C:\Windows\System32\IMM32.DLL
0x00007ffb06f30000 - 0x00007ffb06f3c000 	D:\Android\jbr\bin\vcruntime140_1.dll
0x00007ffac9ff0000 - 0x00007ffaca07d000 	D:\Android\jbr\bin\msvcp140.dll
0x00007ffaadd60000 - 0x00007ffaae9f6000 	D:\Android\jbr\bin\server\jvm.dll
0x00007ffb13110000 - 0x00007ffb131bf000 	C:\Windows\System32\ADVAPI32.dll
0x00007ffb12330000 - 0x00007ffb123cc000 	C:\Windows\System32\sechost.dll
0x00007ffb114d0000 - 0x00007ffb115f6000 	C:\Windows\System32\RPCRT4.dll
0x00007ffb12b60000 - 0x00007ffb12bcb000 	C:\Windows\System32\WS2_32.dll
0x00007ffaf9ad0000 - 0x00007ffaf9af7000 	C:\Windows\SYSTEM32\WINMM.dll
0x00007ffb06bb0000 - 0x00007ffb06bba000 	C:\Windows\SYSTEM32\VERSION.dll
0x00007ffb10810000 - 0x00007ffb1085b000 	C:\Windows\SYSTEM32\POWRPROF.dll
0x00007ffb107f0000 - 0x00007ffb10802000 	C:\Windows\SYSTEM32\UMPDC.dll
0x00007ffb0f1c0000 - 0x00007ffb0f1d2000 	C:\Windows\SYSTEM32\kernel.appcore.dll
0x00007ffb06080000 - 0x00007ffb0608a000 	D:\Android\jbr\bin\jimage.dll
0x00007ffb0e570000 - 0x00007ffb0e754000 	C:\Windows\SYSTEM32\DBGHELP.DLL
0x00007ffaf5ae0000 - 0x00007ffaf5b14000 	C:\Windows\SYSTEM32\dbgcore.DLL
0x00007ffb10f90000 - 0x00007ffb11012000 	C:\Windows\System32\bcryptPrimitives.dll
0x00007ffaf9c20000 - 0x00007ffaf9c2e000 	D:\Android\jbr\bin\instrument.dll
0x00007ffb06060000 - 0x00007ffb06080000 	D:\Android\jbr\bin\java.dll
0x00007ffb05e70000 - 0x00007ffb05e88000 	D:\Android\jbr\bin\zip.dll
0x00007ffb11ac0000 - 0x00007ffb12205000 	C:\Windows\System32\SHELL32.dll
0x00007ffb0ea10000 - 0x00007ffb0f1ab000 	C:\Windows\SYSTEM32\windows.storage.dll
0x00007ffb11670000 - 0x00007ffb119c4000 	C:\Windows\System32\combase.dll
0x00007ffb10240000 - 0x00007ffb1026d000 	C:\Windows\SYSTEM32\Wldp.dll
0x00007ffb12d80000 - 0x00007ffb12e2d000 	C:\Windows\System32\SHCORE.dll
0x00007ffb11610000 - 0x00007ffb11665000 	C:\Windows\System32\shlwapi.dll
0x00007ffb108e0000 - 0x00007ffb10905000 	C:\Windows\SYSTEM32\profapi.dll
0x00007ffb06050000 - 0x00007ffb06060000 	D:\Android\jbr\bin\net.dll
0x00007ffb06d80000 - 0x00007ffb06e8a000 	C:\Windows\SYSTEM32\WINHTTP.dll
0x00007ffb10020000 - 0x00007ffb1008a000 	C:\Windows\system32\mswsock.dll
0x00007ffb05e50000 - 0x00007ffb05e66000 	D:\Android\jbr\bin\nio.dll
0x00007ffb04060000 - 0x00007ffb04070000 	D:\Android\jbr\bin\verify.dll
0x00007ffae7630000 - 0x00007ffae7657000 	C:\Users\Admin\.gradle\native\1def1411415f61bf3af743bc5b6707747c0891f09f0c88961ee8f79bc544acac\windows-amd64\native-platform.dll
0x00007ffac9b30000 - 0x00007ffac9ba8000 	C:\Users\Admin\.gradle\native\0.2.7\x86_64-windows-gnu\gradle-fileevents.dll
0x00007ffb05e00000 - 0x00007ffb05e09000 	D:\Android\jbr\bin\management.dll
0x00007ffb04270000 - 0x00007ffb0427b000 	D:\Android\jbr\bin\management_ext.dll
0x00007ffb11600000 - 0x00007ffb11608000 	C:\Windows\System32\PSAPI.DLL
0x00007ffb0fd30000 - 0x00007ffb0fd6b000 	C:\Windows\SYSTEM32\IPHLPAPI.DLL
0x00007ffb124c0000 - 0x00007ffb124c8000 	C:\Windows\System32\NSI.dll
0x00007ffb05e10000 - 0x00007ffb05e19000 	D:\Android\jbr\bin\extnet.dll
0x00007ffb10280000 - 0x00007ffb10298000 	C:\Windows\SYSTEM32\CRYPTSP.dll
0x00007ffb0f970000 - 0x00007ffb0f9a4000 	C:\Windows\system32\rsaenh.dll
0x00007ffb109e0000 - 0x00007ffb10a07000 	C:\Windows\System32\bcrypt.dll
0x00007ffb108a0000 - 0x00007ffb108ce000 	C:\Windows\SYSTEM32\USERENV.dll
0x00007ffb101b0000 - 0x00007ffb101bc000 	C:\Windows\SYSTEM32\CRYPTBASE.dll
0x00007ffae56a0000 - 0x00007ffae56a7000 	C:\Windows\system32\wshunix.dll

JVMTI agents:
C:\Users\Admin\.gradle\wrapper\dists\gradle-8.13-bin\5xuhj0ry160q40clulazy9h7d\gradle-8.13\lib\agents\gradle-instrumentation-agent-8.13.jar path:D:\Android\jbr\bin\instrument.dll, loaded, initialized, instrumentlib options:none

dbghelp: loaded successfully - version: 4.0.5 - missing functions: none
symbol engine: initialized successfully - sym options: 0x614 - pdb path: .;D:\Android\jbr\bin;C:\Windows\SYSTEM32;C:\Windows\WinSxS\amd64_microsoft.windows.common-controls_6595b64144ccf1df_6.0.19041.3636_none_60b6a03d71f818d5;D:\Android\jbr\bin\server;C:\Users\Admin\.gradle\native\1def1411415f61bf3af743bc5b6707747c0891f09f0c88961ee8f79bc544acac\windows-amd64;C:\Users\Admin\.gradle\native\0.2.7\x86_64-windows-gnu

VM Arguments:
jvm_args: --add-opens=java.base/java.lang=ALL-UNNAMED --add-opens=java.base/java.lang.invoke=ALL-UNNAMED --add-opens=java.base/java.util=ALL-UNNAMED --add-opens=java.prefs/java.util.prefs=ALL-UNNAMED --add-exports=jdk.compiler/com.sun.tools.javac.api=ALL-UNNAMED --add-exports=jdk.compiler/com.sun.tools.javac.util=ALL-UNNAMED --add-opens=java.base/java.util=ALL-UNNAMED --add-opens=java.prefs/java.util.prefs=ALL-UNNAMED --add-opens=java.base/java.nio.charset=ALL-UNNAMED --add-opens=java.base/java.net=ALL-UNNAMED --add-opens=java.base/java.util.concurrent.atomic=ALL-UNNAMED --add-opens=java.xml/javax.xml.namespace=ALL-UNNAMED -Xmx2048m -Dfile.encoding=UTF-8 -Duser.country=US -Duser.language=en -Duser.variant -javaagent:C:\Users\Admin\.gradle\wrapper\dists\gradle-8.13-bin\5xuhj0ry160q40clulazy9h7d\gradle-8.13\lib\agents\gradle-instrumentation-agent-8.13.jar 
java_command: org.gradle.launcher.daemon.bootstrap.GradleDaemon 8.13
java_class_path (initial): C:\Users\Admin\.gradle\wrapper\dists\gradle-8.13-bin\5xuhj0ry160q40clulazy9h7d\gradle-8.13\lib\gradle-daemon-main-8.13.jar
Launcher Type: SUN_STANDARD

[Global flags]
     intx CICompilerCount                          = 4                                         {product} {ergonomic}
     uint ConcGCThreads                            = 2                                         {product} {ergonomic}
     uint G1ConcRefinementThreads                  = 8                                         {product} {ergonomic}
   size_t G1HeapRegionSize                         = 1048576                                   {product} {ergonomic}
    uintx GCDrainStackTargetSize                   = 64                                        {product} {ergonomic}
   size_t InitialHeapSize                          = 134217728                                 {product} {ergonomic}
   size_t MarkStackSize                            = 4194304                                   {product} {ergonomic}
   size_t MaxHeapSize                              = 2147483648                                {product} {command line}
   size_t MaxNewSize                               = 1287651328                                {product} {ergonomic}
   size_t MinHeapDeltaBytes                        = 1048576                                   {product} {ergonomic}
   size_t MinHeapSize                              = 8388608                                   {product} {ergonomic}
    uintx NonNMethodCodeHeapSize                   = 5839372                                {pd product} {ergonomic}
    uintx NonProfiledCodeHeapSize                  = 122909434                              {pd product} {ergonomic}
    uintx ProfiledCodeHeapSize                     = 122909434                              {pd product} {ergonomic}
    uintx ReservedCodeCacheSize                    = 251658240                              {pd product} {ergonomic}
     bool SegmentedCodeCache                       = true                                      {product} {ergonomic}
   size_t SoftMaxHeapSize                          = 2147483648                             {manageable} {ergonomic}
     bool UseCompressedOops                        = true                           {product lp64_product} {ergonomic}
     bool UseG1GC                                  = true                                      {product} {ergonomic}
     bool UseLargePagesIndividualAllocation        = false                                  {pd product} {ergonomic}

Logging:
Log output configuration:
 #0: stdout all=warning uptime,level,tags foldmultilines=false
 #1: stderr all=off uptime,level,tags foldmultilines=false

Environment Variables:
PATH=C:\Program Files (x86)\Common Files\Oracle\Java\javapath;C:\Windows\system32;C:\Windows;C:\Windows\System32\Wbem;C:\Windows\System32\WindowsPowerShell\v1.0\;C:\Windows\System32\OpenSSH\;C:\Program Files\Git\cmd;C:\Program Files\nodejs\;C:\Program Files (x86)\Microsoft SQL Server\160\Tools\Binn\;C:\Program Files\Microsoft SQL Server\160\Tools\Binn\;C:\Program Files\Microsoft SQL Server\Client SDK\ODBC\170\Tools\Binn\;C:\Program Files\Microsoft SQL Server\160\DTS\Binn\;C:\Program Files (x86)\Microsoft SQL Server\160\DTS\Binn\;C:\Program Files\Azure Data Studio\bin;C:\Program Files (x86)\Windows Kits\10\Windows Performance Toolkit\;C:\Program Files\Microsoft SQL Server\150\Tools\Binn\;C:\Program Files\Docker\Docker\resources\bin;C:\Program Files\dotnet\;C:\Users\Admin\AppData\Local\Programs\Python\Python313\Scripts\;C:\Users\Admin\AppData\Local\Programs\Python\Python313\;C:\Users\Admin\AppData\Local\Programs\Python\Launcher\;C:\Users\Admin\AppData\Local\Microsoft\WindowsApps;C:\Users\Admin\AppData\Local\Programs\Microsoft VS Code\bin;C:\Users\Admin\AppData\Local\GitHubDesktop\bin;C:\nodejs;C:\Users\Admin\AppData\Roaming\npm;C:\Program Files\nodejs\;;C:\Program Files\Azure Data Studio\bin;C:\Users\Admin\.dotnet\tools
USERNAME=Admin
OS=Windows_NT
PROCESSOR_IDENTIFIER=Intel64 Family 6 Model 142 Stepping 10, GenuineIntel
TMP=C:\Users\Admin\AppData\Local\Temp
TEMP=C:\Users\Admin\AppData\Local\Temp




Periodic native trim disabled

JNI global refs:
JNI global refs: 24, weak refs: 0

JNI global refs memory usage: 835, weak refs: 833

Process memory usage:
Resident Set Size: 212568K (2% of 8263900K total physical memory with 292504K free physical memory)

OOME stack traces (most recent first):
Classloader memory used:
Loader org.gradle.internal.classloader.VisitableURLClassLoader                         : 21197K
Loader bootstrap                                                                       : 20446K
Loader org.gradle.initialization.MixInLegacyTypesClassLoader                           : 2647K
Loader jdk.internal.loader.ClassLoaders$PlatformClassLoader                            : 499K
Loader jdk.internal.loader.ClassLoaders$AppClassLoader                                 : 235K
Loader org.gradle.groovy.scripts.internal.DefaultScriptCompilationHandler$ScriptClassLoader: 6400B

Classes loaded by more than one classloader:
Class org.gradle.internal.classloader.FilteringClassLoader                            : loaded 2 times (x 105B)
Class org.gradle.internal.classloader.ClassLoaderHierarchy                            : loaded 2 times (x 70B)
Class org.gradle.api.internal.classpath.ManifestUtil                                  : loaded 2 times (x 71B)
Class org.gradle.internal.classloader.DefaultClassLoaderFactory                       : loaded 2 times (x 82B)
Class org.gradle.internal.classloader.ClassLoaderVisitor                              : loaded 2 times (x 76B)
Class org.gradle.api.internal.classpath.EffectiveClassPath                            : loaded 2 times (x 90B)
Class org.gradle.api.internal.DefaultClassPathProvider                                : loaded 2 times (x 76B)
Class [Lorg.gradle.api.internal.ClassPathProvider;                                    : loaded 2 times (x 69B)
Class org.gradle.api.internal.ClassPathProvider                                       : loaded 2 times (x 70B)
Class org.gradle.internal.service.UnknownServiceException                             : loaded 2 times (x 83B)
Class org.gradle.internal.classpath.TransformedClassPath                              : loaded 2 times (x 96B)
Class org.gradle.internal.classloader.InstrumentingClassLoader                        : loaded 2 times (x 70B)
Class org.gradle.internal.service.ServiceLocator                                      : loaded 2 times (x 70B)
Class org.gradle.internal.InternalTransformer                                         : loaded 2 times (x 70B)
Class org.gradle.internal.classloader.ClasspathUtil$1                                 : loaded 2 times (x 76B)
Class org.gradle.api.internal.classpath.DefaultModuleRegistry$DefaultModule           : loaded 2 times (x 86B)
Class org.gradle.api.internal.classpath.Module                                        : loaded 2 times (x 70B)
Class org.gradle.api.internal.classpath.UnknownModuleException                        : loaded 2 times (x 82B)
Class org.gradle.api.internal.DefaultClassPathRegistry                                : loaded 2 times (x 76B)
Class org.gradle.api.internal.ClassPathRegistry                                       : loaded 2 times (x 70B)
Class org.gradle.internal.classpath.DefaultClassPath$ImmutableUniqueList              : loaded 2 times (x 199B)
Class org.gradle.internal.classpath.ClassPath                                         : loaded 2 times (x 70B)
Class org.gradle.api.UncheckedIOException                                             : loaded 2 times (x 82B)
Class org.gradle.internal.installation.GradleInstallation$1                           : loaded 2 times (x 75B)
Class org.gradle.api.internal.classpath.ModuleRegistry                                : loaded 2 times (x 70B)
Class org.gradle.api.internal.classpath.DefaultModuleRegistry                         : loaded 2 times (x 86B)
Class org.gradle.internal.service.ServiceLookupException                              : loaded 2 times (x 82B)
Class org.gradle.internal.classloader.ClassLoaderFactory                              : loaded 2 times (x 70B)
Class org.gradle.internal.service.CachingServiceLocator                               : loaded 2 times (x 82B)
Class org.gradle.internal.classloader.ClasspathUtil                                   : loaded 2 times (x 71B)
Class org.gradle.api.specs.Spec                                                       : loaded 2 times (x 70B)
Class org.gradle.internal.classloader.VisitableURLClassLoader$InstrumentingVisitableURLClassLoader: loaded 2 times (x 123B)
Class org.gradle.internal.classloader.VisitableURLClassLoader$Spec                    : loaded 2 times (x 74B)
Class org.gradle.internal.classpath.DefaultClassPath                                  : loaded 2 times (x 90B)
Class org.gradle.internal.classloader.ClassLoaderSpec                                 : loaded 2 times (x 71B)
Class org.gradle.internal.classloader.VisitableURLClassLoader                         : loaded 2 times (x 117B)
Class org.gradle.internal.Cast                                                        : loaded 2 times (x 71B)
Class org.gradle.api.Action                                                           : loaded 2 times (x 70B)
Class org.gradle.internal.classpath.DefaultClassPath$ImmutableUniqueList$Builder      : loaded 2 times (x 75B)
Class org.gradle.api.GradleException                                                  : loaded 2 times (x 82B)
Class org.gradle.internal.IoActions                                                   : loaded 2 times (x 71B)
Class org.gradle.internal.classloader.SystemClassLoaderSpec                           : loaded 2 times (x 71B)
Class org.gradle.api.internal.classpath.GlobalCacheRootsProvider                      : loaded 2 times (x 70B)
Class org.gradle.internal.installation.CurrentGradleInstallationLocator               : loaded 2 times (x 71B)
Class org.gradle.internal.service.DefaultServiceLocator                               : loaded 2 times (x 83B)
Class org.gradle.internal.installation.CurrentGradleInstallation                      : loaded 2 times (x 73B)
Class org.gradle.util.internal.GUtil                                                  : loaded 2 times (x 71B)
Class org.gradle.internal.installation.GradleInstallation                             : loaded 2 times (x 75B)

---------------  S Y S T E M  ---------------

OS:
 Windows 10 , 64 bit Build 19041 (10.0.19041.3636)
OS uptime: 1 days 14:09 hours
Hyper-V role detected

CPU: total 8 (initial active 8) (4 cores per cpu, 2 threads per core) family 6 model 142 stepping 10 microcode 0xf4, cx8, cmov, fxsr, ht, mmx, 3dnowpref, sse, sse2, sse3, ssse3, sse4.1, sse4.2, popcnt, lzcnt, tsc, tscinvbit, avx, avx2, aes, erms, clmul, bmi1, bmi2, rtm, adx, fma, vzeroupper, clflush, clflushopt, hv, rdtscp, f16c
Processor Information for the first 8 processors :
  Max Mhz: 2112, Current Mhz: 1910, Mhz Limit: 1900

Memory: 4k page, system-wide physical 8070M (285M free)
TotalPageFile size 15190M (AvailPageFile size 12M)
current process WorkingSet (physical memory assigned to process): 207M, peak: 210M
current process commit charge ("private bytes"): 244M, peak: 259M

vm_info: OpenJDK 64-Bit Server VM (21.0.8+-14196175-b1038.72) for windows-amd64 JRE (21.0.8+-14196175-b1038.72), built on 2025-10-01T10:24:33Z by "builder" with MS VC++ 16.10 / 16.11 (VS2019)

END.
